# note no new line
# note new line
# diag no new line
# diag new line
